// Jest Snapshot v1, https://goo.gl/fbAQLP

exports[`<MushroomTable /> renders without crashing... 1`] = `
<div>
  <div
    class="MuiPaper-root-12 MuiPaper-elevation1-15 MuiPaper-rounded-13 MuiCard-root-11"
    style="padding: 1em; margin: 1em;"
  >
    <table
      class="MuiTable-root-39"
    >
      <thead
        class="MuiTableHead-root-40"
      >
        <tr
          class="MuiTableRow-root-41 MuiTableRow-head-44"
        >
          <th
            class="MuiTableCell-root-46 MuiTableCell-head-47"
            scope="col"
          >
            id
          </th>
          <th
            class="MuiTableCell-root-46 MuiTableCell-head-47"
            scope="col"
          >
            Mushroom Name
          </th>
          <th
            class="MuiTableCell-root-46 MuiTableCell-head-47"
            scope="col"
          >
            Date Posted
          </th>
          <th
            class="MuiTableCell-root-46 MuiTableCell-head-47"
            scope="col"
          >
            Longitude
          </th>
          <th
            class="MuiTableCell-root-46 MuiTableCell-head-47"
            scope="col"
          >
            Latitude
          </th>
          <th
            class="MuiTableCell-root-46 MuiTableCell-head-47"
            scope="col"
          >
            Location
          </th>
        </tr>
      </thead>
      <tbody
        class="MuiTableBody-root-58"
      >
        <tr
          class="MuiTableRow-root-41 MuiTableRow-hover-43"
        >
          <td
            class="MuiTableCell-root-46 MuiTableCell-body-48"
          >
            81732
          </td>
          <td
            class="MuiTableCell-root-46 MuiTableCell-body-48"
          >
            Phaeoclavulina curta
          </td>
          <td
            class="MuiTableCell-root-46 MuiTableCell-body-48"
          >
            2011-11-06
          </td>
          <td
            class="MuiTableCell-root-46 MuiTableCell-body-48"
          >
            -122.8045
          </td>
          <td
            class="MuiTableCell-root-46 MuiTableCell-body-48"
          >
            38.0452
          </td>
          <td
            class="MuiTableCell-root-46 MuiTableCell-body-48"
          >
            Point Reyes National Seashore, Marin Co., California, USA
          </td>
        </tr>
        <tr
          class="MuiTableRow-root-41 MuiTableRow-hover-43"
        >
          <td
            class="MuiTableCell-root-46 MuiTableCell-body-48"
          >
            265941
          </td>
          <td
            class="MuiTableCell-root-46 MuiTableCell-body-48"
          >
            Entoloma subgenus Cyanula
          </td>
          <td
            class="MuiTableCell-root-46 MuiTableCell-body-48"
          >
            2016-12-31
          </td>
          <td
            class="MuiTableCell-root-46 MuiTableCell-body-48"
          >
            -122.805
          </td>
          <td
            class="MuiTableCell-root-46 MuiTableCell-body-48"
          >
            38.0456
          </td>
          <td
            class="MuiTableCell-root-46 MuiTableCell-body-48"
          >
            Horse Trail, Point Reyes National Seashore, Point Reyes Station, California, USA
          </td>
        </tr>
      </tbody>
    </table>
  </div>
</div>
`;
