// Jest Snapshot v1, https://goo.gl/fbAQLP

exports[`<Form /> renders without crashing... 1`] = `
<div>
  <div
    class="MuiPaper-root-2 MuiPaper-elevation1-5 MuiPaper-rounded-3 MuiCard-root-1"
    style="width: 100%; max-width: 400px; height: 400px;"
  >
    <form
      style="display: flex; justify-content: space-around; align-items: center; flex-direction: column; height: 100%;"
    >
      <h1>
        Enter your email!
      </h1>
      <div
        class="MuiFormControl-root-29"
      >
        <label
          class="MuiFormLabel-root-44 MuiInputLabel-root-33 MuiInputLabel-formControl-38 MuiInputLabel-animated-41"
          data-shrink="false"
          for="email-input"
        >
          email
        </label>
        <div
          class="MuiInputBase-root-64 MuiInput-root-51 MuiInput-underline-55 MuiInputBase-formControl-65 MuiInput-formControl-52"
        >
          <input
            aria-invalid="false"
            class="MuiInputBase-input-74 MuiInput-input-59 MuiInputBase-inputType-77 MuiInput-inputType-62"
            id="email-input"
            placeholder="email..."
            type="email"
            value=""
          />
        </div>
      </div>
      <button
        class="MuiButtonBase-root-107 MuiButtonBase-disabled-108 MuiButton-root-81 MuiButton-text-83 MuiButton-flat-86 MuiButton-disabled-101"
        disabled=""
        tabindex="-1"
        type="submit"
      >
        <span
          class="MuiButton-label-82"
        >
          Submit
        </span>
      </button>
    </form>
  </div>
</div>
`;
